id,first_name,last_name,age,joined_at,age_imputed_median,age_imputed_avg,age_imputed_max,age_imputed_min
1,Isla,Hernandez,65,2021-01-03T08:31:22,65.0,65,65,65
2,Charlie,Lopez,18,2021-01-20T10:21:31,18.0,18,18,18
3,Ella,Hall,44,2021-01-27T07:19:36,42.0,44,44,44
4,Ava,Young,51,2021-01-01T11:50:40,42.0,51,51,51
5,Oliver,Perez,33,2021-01-01T19:28:49,33.0,41.8780000000000000,33,33
6,Sophia,Garcia,60,2021-01-03T18:35:33,60.0,41.8780000000000000,60,60
7,Mia,Thomas,63,2021-01-12T07:15:50,63.0,63,63,63
8,Isla,Williams,45,2021-01-19T05:08:47,45.0,45,45,45
9,Isla,White,32,2021-01-10T13:55:44,32.0,32,32,32
10,Mia,Clark,20,2021-01-29T09:51:00,20.0,20,20,20
11,Freddie,Williams,65,2021-01-23T18:45:19,65.0,65,65,65
12,Noah,Harris,64,2021-01-25T02:42:29,64.0,64,64,64
13,Charlie,Hall,51,2021-01-24T12:43:57,42.0,51,51,51
14,George,Brown,39,2021-01-28T14:55:28,39.0,39,39,39
15,Amelia,Clark,28,2021-01-30T09:58:41,28.0,28,28,28
16,Isla,Jackson,25,2021-01-22T07:58:13,25.0,25,25,25
17,Leo,Brown,45,2021-01-07T15:13:43,45.0,45,45,45
18,Emily,Johnson,41,2021-01-02T17:40:36,41.0,41,41,41
19,Isla,Lewis,43,2021-01-12T05:25:42,43.0,43,43,43
20,Ella,Martin,41,2021-01-25T06:24:11,41.0,41,41,41
21,Ella,Young,27,2021-01-08T12:45:22,27.0,27,27,27
22,Leo,Thompson,43,2021-01-08T20:32:05,43.0,43,43,43
23,George,Hernandez,37,2021-01-21T14:45:37,37.0,37,37,37
24,Oliver,Allen,27,2021-01-28T11:30:02,27.0,27,27,27
25,Oliver,Davis,51,2021-01-28T16:44:47,42.0,51,51,51
26,Alfie,Anderson,51,2021-01-27T13:57:56,42.0,51,51,51
27,Oliver,Johnson,35,2021-01-27T06:55:10,35.0,35,35,35
28,Amelia,Miller,40,2021-01-29T05:08:05,40.0,40,40,40
29,Charlie,Thomas,31,2021-01-14T20:33:19,31.0,31,31,31
30,Noah,Martin,59,2021-01-22T19:26:29,59.0,59,59,59
31,Amelia,Brown,42,2021-01-06T03:08:22,42.0,42,42,42
32,Ella,Allen,58,2021-01-13T20:06:33,58.0,58,58,58
33,Ava,Lewis,52,2021-01-22T02:21:10,52.0,52,52,52
34,Olivia,Williams,23,2021-01-26T17:58:03,23.0,23,23,23
35,Ava,Garcia,27,2021-01-12T10:03:58,27.0,27,27,27
36,Poppy,Clark,61,2021-01-07T03:54:42,61.0,61,61,61
37,Alfie,Brown,43,2021-01-29T19:46:24,43.0,43,43,43
38,Jack,Thomas,40,2021-01-02T21:57:57,40.0,40,40,40
39,Harry,Brown,28,2021-01-01T22:06:11,28.0,28,28,28
40,Oliver,Jackson,38,2021-01-01T17:28:06,38.0,38,38,38
41,Sophia,White,32,2021-01-18T20:21:33,32.0,32,32,32
42,Amelia,White,57,2021-01-16T10:27:34,57.0,57,57,57
43,Poppy,Brown,29,2021-01-25T00:37:48,29.0,29,29,29
44,Noah,Gonzalez,60,2021-01-10T21:32:46,60.0,41.8780000000000000,60,60
45,Freddie,Miller,63,2021-01-06T04:59:39,63.0,63,63,63
46,Charlie,Moore,31,2021-01-20T16:50:29,31.0,31,31,31
47,Amelia,Young,22,2021-01-29T17:44:29,22.0,22,22,22
48,George,Hall,48,2021-01-18T19:40:51,48.0,48,48,48
49,Olivia,Davis,18,2021-01-26T02:14:42,18.0,18,18,18
50,Ava,Thomas,29,2021-01-19T12:06:39,29.0,29,29,29
51,Ava,White,30,2021-01-05T23:40:52,30.0,30,30,30
52,Jack,Garcia,22,2021-01-03T22:16:29,22.0,22,22,22
53,Emily,Johnson,30,2021-01-18T06:04:42,30.0,30,30,30
54,Amelia,Garcia,33,2021-01-03T22:10:21,33.0,41.8780000000000000,33,33
55,Jacob,Thompson,61,2021-01-09T07:46:59,61.0,61,61,61
56,Olivia,Harris,46,2021-01-24T14:34:04,46.0,46,46,46
57,George,Taylor,44,2021-01-03T03:23:21,42.0,44,44,44
58,Isla,Walker,65,2021-01-26T00:44:53,65.0,65,65,65
59,Isla,Young,51,2021-01-30T09:10:43,42.0,51,51,51
60,Mia,Miller,59,2021-01-26T13:50:42,59.0,59,59,59
61,George,Thompson,45,2021-01-25T12:22:33,45.0,45,45,45
62,Leo,Johnson,37,2021-01-24T17:19:38,37.0,37,37,37
63,Grace,Jones,48,2021-01-20T17:11:10,48.0,48,48,48
64,Ella,Davis,41,2021-01-05T17:03:40,41.0,41,41,41
65,Ava,Anderson,21,2021-01-30T12:48:53,21.0,21,21,21
66,Ella,Johnson,22,2021-01-20T18:11:23,22.0,22,22,22
67,Emily,White,21,2021-01-16T23:54:39,21.0,21,21,21
68,Amelia,Martinez,27,2021-01-05T13:55:54,27.0,27,27,27
69,Noah,Robinson,44,2021-01-09T19:07:47,42.0,44,44,44
70,Ella,Brown,47,2021-01-11T09:02:43,47.0,47,47,47
71,Ella,Allen,59,2021-01-18T13:09:21,59.0,59,59,59
72,Sophia,Taylor,49,2021-01-17T13:37:45,49.0,49,49,49
73,Ava,Clark,50,2021-01-14T17:29:22,50.0,50,50,50
74,Jack,Lee,31,2021-01-10T21:37:53,31.0,31,31,31
75,Freddie,Hall,40,2021-01-19T15:00:54,40.0,40,40,40
76,Leo,Walker,40,2021-01-24T11:47:55,40.0,40,40,40
77,Amelia,Wilson,31,2021-01-04T17:52:43,31.0,31,31,31
78,Ella,Harris,36,2021-01-01T13:49:00,36.0,36,36,36
79,Charlie,Thompson,42,2021-01-04T07:52:01,42.0,42,42,42
80,Grace,Smith,27,2021-01-28T21:48:34,27.0,27,27,27
81,Jacob,Johnson,65,2021-01-19T18:42:43,65.0,65,65,65
82,Ava,Davis,61,2021-01-14T23:27:18,61.0,61,61,61
83,Ava,Robinson,42,2021-01-08T05:56:24,42.0,42,42,42
84,Jack,Garcia,43,2021-01-24T10:17:14,43.0,43,43,43
85,Jacob,Rodriguez,19,2021-01-30T11:46:22,19.0,19,19,19
86,Jacob,Miller,62,2021-01-29T17:35:43,62.0,62,62,62
87,Alfie,Taylor,42,2021-01-30T11:46:03,42.0,42,42,42
88,Mia,Miller,54,2021-01-24T08:39:54,54.0,54,54,54
89,Leo,Miller,57,2021-01-19T08:39:39,57.0,57,57,57
90,Isla,Anderson,21,2021-01-29T19:39:29,21.0,21,21,21
91,Sophia,White,30,2021-01-19T10:51:21,30.0,30,30,30
92,Freddie,Robinson,40,2021-01-05T11:12:53,40.0,40,40,40
93,Freddie,Harris,61,2021-01-29T12:03:47,61.0,61,61,61
94,Olivia,Johnson,37,2021-01-03T11:07:51,37.0,37,37,37
95,Jack,Johnson,24,2021-01-29T14:56:06,24.0,24,24,24
96,Noah,Brown,60,2021-01-21T11:35:55,60.0,41.8780000000000000,60,60
97,Mia,Lopez,51,2021-01-21T11:54:13,42.0,51,51,51
98,Poppy,Davis,43,2021-01-23T03:32:55,43.0,43,43,43
99,Charlie,Thompson,44,2021-01-23T19:09:08,42.0,44,44,44
100,Grace,Martinez,53,2021-01-27T22:03:11,53.0,53,53,53
101,Poppy,Hall,31,2021-01-11T16:31:09,31.0,31,31,31
102,Oliver,White,42,2021-01-11T12:07:42,42.0,42,42,42
103,Ella,Young,45,2021-01-25T22:09:55,45.0,45,45,45
104,Freddie,White,50,2021-01-19T13:36:52,50.0,50,50,50
105,Mia,Perez,23,2021-01-08T08:41:57,23.0,23,23,23
106,Olivia,Lewis,33,2021-01-03T13:50:29,33.0,41.8780000000000000,33,33
107,Mia,Lopez,31,2021-01-02T22:03:08,31.0,31,31,31
108,Emily,Lee,27,2021-01-09T20:52:04,27.0,27,27,27
109,Freddie,Allen,59,2021-01-03T00:29:45,59.0,59,59,59
110,Emily,Moore,21,2021-01-02T13:28:28,21.0,21,21,21
111,Amelia,Thompson,24,2021-01-14T19:42:03,24.0,24,24,24
112,Poppy,Lewis,60,2021-01-22T21:00:03,60.0,41.8780000000000000,60,60
113,Harry,Young,34,2021-01-07T19:30:26,34.0,34,34,34
114,Emily,Taylor,28,2021-01-11T14:54:27,28.0,28,28,28
115,Jacob,Williams,49,2021-01-24T00:34:42,49.0,49,49,49
116,Leo,Walker,55,2021-01-03T23:02:57,55.0,55,55,55
117,Leo,Wilson,57,2021-01-24T16:12:25,57.0,57,57,57
118,Oliver,Martinez,52,2021-01-08T21:41:26,52.0,52,52,52
119,Olivia,Martin,38,2021-01-06T08:36:01,38.0,38,38,38
120,Mia,White,54,2021-01-26T03:37:07,54.0,54,54,54
121,Poppy,Jones,29,2021-01-27T10:44:23,29.0,29,29,29
122,Emily,White,39,2021-01-26T18:43:29,39.0,39,39,39
123,Leo,Smith,44,2021-01-08T14:23:38,42.0,44,44,44
124,Oliver,Smith,49,2021-01-22T10:19:13,49.0,49,49,49
125,George,Wilson,57,2021-01-29T09:18:54,57.0,57,57,57
126,Mia,Miller,38,2021-01-13T20:27:32,38.0,38,38,38
127,Jacob,Allen,32,2021-01-07T18:19:30,32.0,32,32,32
128,Emily,Thompson,48,2021-01-30T23:33:40,48.0,48,48,48
129,Noah,Harris,35,2021-01-20T16:47:04,35.0,35,35,35
130,Noah,Jones,38,2021-01-05T02:05:17,38.0,38,38,38
131,Harry,Martin,40,2021-01-14T07:11:10,40.0,40,40,40
132,Ella,Smith,33,2021-01-17T15:09:44,33.0,41.8780000000000000,33,33
133,Sophia,Miller,45,2021-01-17T09:38:50,45.0,45,45,45
134,Leo,Moore,53,2021-01-25T20:05:15,53.0,53,53,53
135,Leo,Wilson,31,2021-01-18T15:47:06,31.0,31,31,31
136,George,Lewis,28,2021-01-17T11:04:21,28.0,28,28,28
137,Sophia,Johnson,63,2021-01-21T02:56:41,63.0,63,63,63
138,Harry,Jackson,47,2021-01-25T18:20:08,47.0,47,47,47
139,Noah,Jackson,47,2021-01-19T21:03:00,47.0,47,47,47
140,Amelia,Thomas,43,2021-01-18T06:01:41,43.0,43,43,43
141,Amelia,Garcia,21,2021-01-18T14:11:57,21.0,21,21,21
142,Alfie,Lee,26,2021-01-28T06:53:24,26.0,26,26,26
143,Ella,Hall,23,2021-01-24T09:13:06,23.0,23,23,23
144,Charlie,Taylor,44,2021-01-22T22:01:26,42.0,44,44,44
145,Grace,Harris,43,2021-01-18T04:37:47,43.0,43,43,43
146,Jack,Jackson,54,2021-01-20T22:21:05,54.0,54,54,54
147,Grace,Williams,31,2021-01-20T11:44:19,31.0,31,31,31
148,Mia,Hernandez,37,2021-01-19T12:21:30,37.0,37,37,37
149,Oliver,Allen,53,2021-01-19T09:14:59,53.0,53,53,53
150,Ava,Young,47,2021-01-31T00:25:20,47.0,47,47,47
151,Isla,Moore,50,2021-01-11T08:54:27,50.0,50,50,50
152,Amelia,Johnson,35,2021-01-04T00:09:38,35.0,35,35,35
153,Ava,Gonzalez,52,2021-01-24T11:34:03,52.0,52,52,52
154,Sophia,Martin,50,2021-01-05T04:35:29,50.0,50,50,50
155,Harry,Garcia,22,2021-01-14T07:08:31,22.0,22,22,22
156,Oliver,Taylor,23,2021-01-14T13:57:02,23.0,23,23,23
157,Ella,Thompson,33,2021-01-13T02:07:29,33.0,41.8780000000000000,33,33
158,Leo,Wilson,46,2021-01-01T15:19:20,46.0,46,46,46
159,Olivia,Davis,35,2021-01-01T12:10:23,35.0,35,35,35
160,Jack,Lewis,35,2021-01-07T13:14:35,35.0,35,35,35
161,Emily,Robinson,24,2021-01-26T18:24:30,24.0,24,24,24
162,Emily,Wilson,23,2021-01-19T00:04:22,23.0,23,23,23
163,Grace,Allen,39,2021-01-01T22:21:16,39.0,39,39,39
164,Noah,Martinez,57,2021-01-20T02:15:58,57.0,57,57,57
165,Emily,Hall,36,2021-01-30T04:21:56,36.0,36,36,36
166,Leo,Clark,49,2021-01-03T07:07:36,49.0,49,49,49
167,Poppy,Brown,45,2021-01-21T21:58:49,45.0,45,45,45
168,Ava,Gonzalez,39,2021-01-03T05:58:26,39.0,39,39,39
169,Harry,Smith,43,2021-01-13T11:43:19,43.0,43,43,43
170,Grace,Wilson,40,2021-01-07T00:40:37,40.0,40,40,40
171,Jack,Martin,19,2021-01-10T18:40:03,19.0,19,19,19
172,Charlie,Jackson,50,2021-01-25T00:32:17,50.0,50,50,50
173,Mia,White,50,2021-01-16T23:37:35,50.0,50,50,50
174,Poppy,Lee,39,2021-01-23T07:14:02,39.0,39,39,39
175,Jacob,Garcia,45,2021-01-02T03:07:41,45.0,45,45,45
176,Ella,Miller,18,2021-01-12T19:08:13,18.0,18,18,18
177,Grace,Lewis,34,2021-01-16T18:24:40,34.0,34,34,34
178,Grace,Robinson,64,2021-01-06T11:48:49,64.0,64,64,64
179,Sophia,Smith,27,2021-01-07T16:00:29,27.0,27,27,27
180,Charlie,Lopez,29,2021-01-12T13:45:27,29.0,29,29,29
181,Harry,Taylor,23,2021-01-05T04:10:24,23.0,23,23,23
182,Ella,Jackson,19,2021-01-22T20:14:26,19.0,19,19,19
183,Ella,Thomas,46,2021-01-29T14:47:29,46.0,46,46,46
184,Noah,Davis,45,2021-01-06T18:52:23,45.0,45,45,45
185,Amelia,Clark,50,2021-01-04T17:37:33,50.0,50,50,50
186,Jacob,Smith,51,2021-01-21T03:01:56,42.0,51,51,51
187,Leo,Moore,65,2021-01-16T11:00:46,65.0,65,65,65
188,Isla,White,64,2021-01-14T16:56:12,64.0,64,64,64
189,Grace,Hernandez,51,2021-01-10T10:18:22,42.0,51,51,51
190,Jack,Taylor,53,2021-01-04T11:51:04,53.0,53,53,53
191,Poppy,Clark,42,2021-01-11T08:17:25,42.0,42,42,42
192,Olivia,Martinez,60,2021-01-04T15:59:45,60.0,41.8780000000000000,60,60
193,Ava,Miller,60,2021-01-01T05:24:18,60.0,41.8780000000000000,60,60
194,Isla,Robinson,65,2021-01-07T10:52:41,65.0,65,65,65
195,Jack,Hall,59,2021-01-17T20:11:20,59.0,59,59,59
196,Amelia,Allen,53,2021-01-21T18:10:08,53.0,53,53,53
197,Oliver,Johnson,23,2021-01-20T09:21:09,23.0,23,23,23
198,Grace,Thompson,59,2021-01-08T03:24:54,59.0,59,59,59
199,Freddie,Lopez,33,2021-01-22T14:17:16,33.0,41.8780000000000000,33,33
200,George,Young,33,2021-01-17T20:57:46,33.0,41.8780000000000000,33,33
201,Ava,Thomas,35,2021-01-25T17:22:51,35.0,35,35,35
202,Emily,Davis,29,2021-01-30T12:29:21,29.0,29,29,29
203,Jack,Brown,53,2021-01-27T10:41:23,53.0,53,53,53
204,Olivia,Moore,31,2021-01-20T11:52:49,31.0,31,31,31
205,George,Brown,26,2021-01-02T10:03:19,26.0,26,26,26
206,Emily,Johnson,27,2021-01-25T08:22:11,27.0,27,27,27
207,Emily,Hernandez,24,2021-01-02T11:25:27,24.0,24,24,24
208,Isla,Smith,50,2021-01-09T05:44:05,50.0,50,50,50
209,Oliver,Martin,43,2021-01-04T14:56:10,43.0,43,43,43
210,Poppy,Rodriguez,34,2021-01-12T04:42:51,34.0,34,34,34
211,Noah,Martin,34,2021-01-20T16:09:56,34.0,34,34,34
212,Ava,Clark,53,2021-01-07T18:21:57,53.0,53,53,53
213,Charlie,Young,65,2021-01-18T02:43:10,65.0,65,65,65
214,Ava,Jackson,65,2021-01-27T14:29:18,65.0,65,65,65
215,George,Perez,48,2021-01-14T17:50:42,48.0,48,48,48
216,Ava,Anderson,42,2021-01-20T15:14:39,42.0,42,42,42
217,Olivia,Lee,40,2021-01-10T20:12:35,40.0,40,40,40
218,Sophia,Rodriguez,53,2021-01-07T16:13:25,53.0,53,53,53
219,George,Clark,18,2021-01-21T08:55:43,18.0,18,18,18
220,Alfie,Taylor,33,2021-01-08T22:45:23,33.0,41.8780000000000000,33,33
221,Charlie,Lopez,33,2021-01-06T16:11:24,33.0,41.8780000000000000,33,33
222,Freddie,Wilson,45,2021-01-22T12:26:12,45.0,45,45,45
223,Grace,Hernandez,46,2021-01-06T17:28:57,46.0,46,46,46
224,Isla,Walker,58,2021-01-17T15:02:55,58.0,58,58,58
225,Ella,Jones,60,2021-01-06T08:25:21,60.0,41.8780000000000000,60,60
226,Ella,Hall,65,2021-01-25T20:17:55,65.0,65,65,65
227,Emily,Jones,42,2021-01-13T16:31:12,42.0,42,42,42
228,Jack,Lewis,21,2021-01-25T14:35:48,21.0,21,21,21
229,Amelia,Walker,40,2021-01-12T14:14:43,40.0,40,40,40
230,Isla,Miller,49,2021-01-14T03:28:50,49.0,49,49,49
231,Harry,Rodriguez,21,2021-01-19T16:35:05,21.0,21,21,21
232,Oliver,Martinez,36,2021-01-14T18:05:35,36.0,36,36,36
233,Alfie,Johnson,41,2021-01-20T14:38:18,41.0,41,41,41
234,Ava,Martinez,44,2021-01-21T06:14:41,42.0,44,44,44
235,Olivia,Clark,51,2021-01-22T23:33:27,42.0,51,51,51
236,Oliver,Clark,62,2021-01-01T14:55:06,62.0,62,62,62
237,Noah,Jackson,27,2021-01-07T11:16:38,27.0,27,27,27
238,Grace,Walker,64,2021-01-01T04:59:09,64.0,64,64,64
239,Amelia,Gonzalez,45,2021-01-22T05:59:58,45.0,45,45,45
240,Leo,Gonzalez,57,2021-01-17T11:01:15,57.0,57,57,57
241,Alfie,Anderson,60,2021-01-21T22:21:51,60.0,41.8780000000000000,60,60
242,Isla,Martinez,39,2021-01-24T11:35:26,39.0,39,39,39
243,George,Perez,37,2021-01-02T10:41:58,37.0,37,37,37
244,Mia,Davis,21,2021-01-13T03:55:44,21.0,21,21,21
245,Isla,Harris,62,2021-01-20T20:06:46,62.0,62,62,62
246,Sophia,Wilson,62,2021-01-21T13:35:53,62.0,62,62,62
247,Alfie,Lopez,58,2021-01-10T15:23:36,58.0,58,58,58
248,Sophia,Jackson,43,2021-01-07T05:27:34,43.0,43,43,43
249,Leo,Smith,35,2021-01-27T03:16:40,35.0,35,35,35
250,Olivia,Allen,48,2021-01-18T22:51:21,48.0,48,48,48
251,Poppy,Martin,33,2021-01-21T05:00:17,33.0,41.8780000000000000,33,33
252,Emily,Perez,64,2021-01-29T07:14:17,64.0,64,64,64
253,Noah,Rodriguez,62,2021-01-20T04:20:25,62.0,62,62,62
254,Olivia,Martin,19,2021-01-21T07:45:06,19.0,19,19,19
255,Grace,Lopez,51,2021-01-24T05:42:41,42.0,51,51,51
256,Amelia,White,47,2021-01-16T16:21:38,47.0,47,47,47
257,Ava,Gonzalez,62,2021-01-28T06:13:10,62.0,62,62,62
258,Jacob,Davis,50,2021-01-19T04:57:01,50.0,50,50,50
259,Emily,White,41,2021-01-18T19:21:44,41.0,41,41,41
260,Sophia,Gonzalez,62,2021-01-09T00:02:41,62.0,62,62,62
261,Leo,Harris,45,2021-01-29T06:13:09,45.0,45,45,45
262,Emily,Harris,65,2021-01-07T04:58:27,65.0,65,65,65
263,Isla,Miller,26,2021-01-23T02:15:00,26.0,26,26,26
264,George,Thompson,63,2021-01-12T02:10:00,63.0,63,63,63
265,Freddie,Davis,31,2021-01-05T04:53:52,31.0,31,31,31
266,Sophia,Hall,22,2021-01-16T19:47:00,22.0,22,22,22
267,Freddie,Harris,62,2021-01-11T08:16:40,62.0,62,62,62
268,Jacob,Smith,46,2021-01-07T06:10:27,46.0,46,46,46
269,Emily,Perez,28,2021-01-19T19:06:40,28.0,28,28,28
270,Mia,Brown,43,2021-01-27T08:17:28,43.0,43,43,43
271,Charlie,Martinez,43,2021-01-30T19:12:35,43.0,43,43,43
272,Isla,Lopez,34,2021-01-21T19:10:20,34.0,34,34,34
273,Leo,Williams,44,2021-01-22T06:31:48,42.0,44,44,44
274,Grace,Gonzalez,32,2021-01-04T08:33:45,32.0,32,32,32
275,Sophia,Gonzalez,62,2021-01-10T01:12:17,62.0,62,62,62
276,Mia,Jones,57,2021-01-29T11:00:22,57.0,57,57,57
277,Olivia,Perez,27,2021-01-13T19:43:25,27.0,27,27,27
278,Sophia,Martinez,41,2021-01-29T04:59:07,41.0,41,41,41
279,Mia,Walker,45,2021-01-01T04:39:30,45.0,45,45,45
280,Leo,Jones,31,2021-01-09T13:02:57,31.0,31,31,31
281,Emily,Jackson,38,2021-01-25T03:00:40,38.0,38,38,38
282,Isla,Robinson,20,2021-01-14T12:58:15,20.0,20,20,20
283,Charlie,Thomas,57,2021-01-09T18:58:34,57.0,57,57,57
284,Poppy,Thompson,37,2021-01-14T23:56:17,37.0,37,37,37
285,Poppy,Rodriguez,51,2021-01-21T01:25:02,42.0,51,51,51
286,Olivia,Perez,23,2021-01-18T14:25:27,23.0,23,23,23
287,Alfie,Lewis,28,2021-01-14T03:12:58,28.0,28,28,28
288,Jacob,Davis,20,2021-01-25T15:09:26,20.0,20,20,20
289,Sophia,Perez,28,2021-01-21T00:38:37,28.0,28,28,28
290,Jack,Jackson,37,2021-01-01T18:19:30,37.0,37,37,37
291,Sophia,Lee,31,2021-01-20T00:19:28,31.0,31,31,31
292,Freddie,Lopez,32,2021-01-01T19:39:43,32.0,32,32,32
293,Poppy,Moore,50,2021-01-02T03:57:03,50.0,50,50,50
294,Olivia,Thomas,33,2021-01-21T05:11:59,33.0,41.8780000000000000,33,33
295,Poppy,Taylor,32,2021-01-11T16:46:33,32.0,32,32,32
296,Emily,Jackson,20,2021-01-12T18:28:38,20.0,20,20,20
297,Grace,Martin,65,2021-01-11T23:00:07,65.0,65,65,65
298,George,Smith,65,2021-01-25T13:16:31,65.0,65,65,65
299,Harry,Allen,46,2021-01-17T03:19:22,46.0,46,46,46
300,Alfie,Rodriguez,53,2021-01-23T20:41:20,53.0,53,53,53
301,Poppy,Moore,61,2021-01-17T03:20:12,61.0,61,61,61
302,Jacob,Clark,33,2021-01-17T16:37:49,33.0,41.8780000000000000,33,33
303,Emily,Allen,28,2021-01-04T08:49:04,28.0,28,28,28
304,Oliver,Allen,37,2021-01-27T21:35:39,37.0,37,37,37
305,Charlie,Brown,29,2021-01-13T00:53:49,29.0,29,29,29
306,Poppy,Walker,33,2021-01-03T03:17:49,33.0,41.8780000000000000,33,33
307,Amelia,Jackson,25,2021-01-21T19:20:16,25.0,25,25,25
308,Oliver,Wilson,33,2021-01-05T16:13:54,33.0,41.8780000000000000,33,33
309,Isla,Young,29,2021-01-08T20:11:47,29.0,29,29,29
310,Harry,Davis,20,2021-01-01T19:08:31,20.0,20,20,20
311,Grace,Anderson,50,2021-01-29T10:16:13,50.0,50,50,50
312,Sophia,Davis,58,2021-01-14T11:18:20,58.0,58,58,58
313,Isla,Wilson,34,2021-01-25T13:41:48,34.0,34,34,34
314,Poppy,Clark,40,2021-01-27T11:35:01,40.0,40,40,40
315,Amelia,Davis,56,2021-01-03T18:34:24,56.0,56,56,56
316,Olivia,Robinson,63,2021-01-21T12:30:09,63.0,63,63,63
317,Mia,Hall,22,2021-01-30T08:33:27,22.0,22,22,22
318,Oliver,Harris,38,2021-01-22T12:40:24,38.0,38,38,38
319,Ava,Anderson,55,2021-01-18T07:21:59,55.0,55,55,55
320,Oliver,Harris,58,2021-01-02T21:45:37,58.0,58,58,58
321,Charlie,Miller,18,2021-01-07T02:27:08,18.0,18,18,18
322,Alfie,Thompson,24,2021-01-07T16:58:25,24.0,24,24,24
323,Freddie,Hernandez,64,2021-01-14T23:49:26,64.0,64,64,64
324,Jacob,Garcia,37,2021-01-16T23:09:13,37.0,37,37,37
325,Sophia,Brown,44,2021-01-21T15:25:15,42.0,44,44,44
326,Amelia,Hall,31,2021-01-14T09:28:21,31.0,31,31,31
327,Emily,Jackson,60,2021-01-25T19:19:54,60.0,41.8780000000000000,60,60
328,Oliver,Jackson,65,2021-01-28T13:25:02,65.0,65,65,65
329,Olivia,Williams,21,2021-01-02T23:16:27,21.0,21,21,21
330,Grace,Lewis,35,2021-01-29T08:21:11,35.0,35,35,35
331,Mia,Jones,38,2021-01-11T06:38:29,38.0,38,38,38
332,Alfie,Lopez,64,2021-01-09T02:39:24,64.0,64,64,64
333,Oliver,Martinez,54,2021-01-10T07:56:59,54.0,54,54,54
334,Freddie,Davis,59,2021-01-29T18:03:03,59.0,59,59,59
335,Jacob,Hall,65,2021-01-11T00:05:42,65.0,65,65,65
336,Noah,Lee,34,2021-01-12T06:09:16,34.0,34,34,34
337,Ava,Harris,19,2021-01-18T05:09:02,19.0,19,19,19
338,Ella,Perez,50,2021-01-04T14:05:03,50.0,50,50,50
339,Poppy,Hall,50,2021-01-05T06:45:39,50.0,50,50,50
340,Amelia,Young,57,2021-01-20T16:08:59,57.0,57,57,57
341,Emily,Johnson,49,2021-01-05T23:21:09,49.0,49,49,49
342,Poppy,Miller,41,2021-01-14T23:09:23,41.0,41,41,41
343,Ava,Garcia,37,2021-01-08T00:19:28,37.0,37,37,37
344,Mia,Jones,31,2021-01-05T15:27:30,31.0,31,31,31
345,Jacob,Thompson,31,2021-01-24T07:39:47,31.0,31,31,31
346,Alfie,Johnson,38,2021-01-12T12:32:55,38.0,38,38,38
347,Grace,Gonzalez,38,2021-01-23T12:16:10,38.0,38,38,38
348,Noah,Davis,53,2021-01-19T00:40:47,53.0,53,53,53
349,Isla,Rodriguez,22,2021-01-09T13:09:32,22.0,22,22,22
350,Emily,Jackson,54,2021-01-06T19:24:27,54.0,54,54,54
351,Charlie,Taylor,48,2021-01-05T07:23:41,48.0,48,48,48
352,Harry,Martinez,42,2021-01-02T06:20:34,42.0,42,42,42
353,Ava,Rodriguez,30,2021-01-11T01:25:49,30.0,30,30,30
354,Olivia,Robinson,48,2021-01-27T10:29:36,48.0,48,48,48
355,Amelia,Johnson,65,2021-01-04T12:58:34,65.0,65,65,65
356,Sophia,Jackson,37,2021-01-26T03:06:31,37.0,37,37,37
357,Ava,Anderson,43,2021-01-05T13:42:10,43.0,43,43,43
358,Ava,Walker,47,2021-01-09T22:50:37,47.0,47,47,47
359,Emily,Lewis,57,2021-01-28T10:42:30,57.0,57,57,57
360,Leo,Walker,63,2021-01-22T12:13:49,63.0,63,63,63
361,Mia,Hall,39,2021-01-20T02:13:43,39.0,39,39,39
362,Emily,Garcia,28,2021-01-14T12:26:58,28.0,28,28,28
363,Freddie,Young,45,2021-01-17T03:07:22,45.0,45,45,45
364,Jack,Perez,49,2021-01-08T18:02:41,49.0,49,49,49
365,Noah,Davis,41,2021-01-14T06:54:18,41.0,41,41,41
366,Jack,Hernandez,23,2021-01-06T19:11:58,23.0,23,23,23
367,Sophia,Clark,24,2021-01-10T21:55:21,24.0,24,24,24
368,Harry,Hernandez,28,2021-01-29T23:49:20,28.0,28,28,28
369,George,Allen,22,2021-01-29T02:17:13,22.0,22,22,22
370,Ava,White,49,2021-01-10T10:55:54,49.0,49,49,49
371,Sophia,Gonzalez,39,2021-01-19T17:59:39,39.0,39,39,39
372,Poppy,Perez,32,2021-01-08T19:30:42,32.0,32,32,32
373,Alfie,Hernandez,29,2021-01-25T15:21:17,29.0,29,29,29
374,Emily,Thomas,48,2021-01-10T22:10:47,48.0,48,48,48
375,Isla,White,42,2021-01-06T12:34:56,42.0,42,42,42
376,Isla,Hernandez,53,2021-01-12T00:54:30,53.0,53,53,53
377,Mia,White,28,2021-01-27T21:18:03,28.0,28,28,28
378,Freddie,White,51,2021-01-26T05:38:36,42.0,51,51,51
379,Amelia,Lewis,21,2021-01-11T02:18:54,21.0,21,21,21
380,Charlie,Anderson,32,2021-01-25T11:37:23,32.0,32,32,32
381,Freddie,Johnson,50,2021-01-10T08:33:19,50.0,50,50,50
382,Isla,Harris,30,2021-01-01T21:10:10,30.0,30,30,30
383,Amelia,Perez,63,2021-01-08T20:10:52,63.0,63,63,63
384,Mia,Hernandez,44,2021-01-02T10:34:24,42.0,44,44,44
385,Harry,Perez,25,2021-01-20T21:52:04,25.0,25,25,25
386,Charlie,Lewis,64,2021-01-23T21:56:03,64.0,64,64,64
387,Charlie,Brown,58,2021-01-25T11:43:23,58.0,58,58,58
388,Jack,Robinson,23,2021-01-23T02:30:54,23.0,23,23,23
389,Grace,Garcia,36,2021-01-12T10:26:51,36.0,36,36,36
390,George,Moore,29,2021-01-17T04:50:03,29.0,29,29,29
391,Jack,Allen,25,2021-01-14T02:29:19,25.0,25,25,25
392,Ava,Lopez,31,2021-01-02T20:15:24,31.0,31,31,31
393,Leo,Brown,57,2021-01-29T07:35:31,57.0,57,57,57
394,Emily,Jackson,57,2021-01-29T07:27:46,57.0,57,57,57
395,Noah,Johnson,26,2021-01-05T13:02:30,26.0,26,26,26
396,Grace,Harris,39,2021-01-08T14:33:27,39.0,39,39,39
397,Amelia,Davis,63,2021-01-22T18:57:48,63.0,63,63,63
398,Poppy,Gonzalez,22,2021-01-07T15:41:09,22.0,22,22,22
399,Olivia,Taylor,59,2021-01-29T05:46:53,59.0,59,59,59
400,Jacob,White,26,2021-01-23T23:45:33,26.0,26,26,26
401,Charlie,Miller,39,2021-01-12T17:53:49,39.0,39,39,39
402,Sophia,Thompson,39,2021-01-26T20:00:19,39.0,39,39,39
403,Noah,Brown,33,2021-01-24T02:36:32,33.0,41.8780000000000000,33,33
404,Harry,Lee,45,2021-01-06T05:52:31,45.0,45,45,45
405,Jack,Hall,42,2021-01-01T01:55:03,42.0,42,42,42
406,Olivia,Lee,26,2021-01-07T11:37:31,26.0,26,26,26
407,Mia,Jackson,57,2021-01-05T09:57:21,57.0,57,57,57
408,Sophia,Thompson,42,2021-01-08T04:26:02,42.0,42,42,42
409,Mia,Taylor,53,2021-01-20T23:04:55,53.0,53,53,53
410,Jacob,Robinson,55,2021-01-28T23:51:44,55.0,55,55,55
411,Sophia,Allen,21,2021-01-21T20:12:09,21.0,21,21,21
412,Harry,Robinson,25,2021-01-12T23:39:07,25.0,25,25,25
413,Olivia,Wilson,38,2021-01-19T01:17:19,38.0,38,38,38
414,Charlie,Robinson,28,2021-01-24T07:20:03,28.0,28,28,28
415,Isla,Thomas,65,2021-01-08T22:59:01,65.0,65,65,65
416,Harry,Allen,51,2021-01-18T07:16:24,42.0,51,51,51
417,Charlie,Young,38,2021-01-03T17:35:43,38.0,38,38,38
418,Mia,Miller,59,2021-01-30T01:54:22,59.0,59,59,59
419,Leo,Thompson,18,2021-01-10T14:26:09,18.0,18,18,18
420,Jack,Young,25,2021-01-03T00:08:30,25.0,25,25,25
421,Jack,Davis,61,2021-01-19T15:50:38,61.0,61,61,61
422,Noah,Anderson,55,2021-01-22T09:08:33,55.0,55,55,55
423,Emily,Wilson,48,2021-01-17T05:41:43,48.0,48,48,48
424,George,Allen,57,2021-01-06T01:29:40,57.0,57,57,57
425,Poppy,Wilson,39,2021-01-12T17:12:25,39.0,39,39,39
426,Noah,Jones,36,2021-01-18T21:58:13,36.0,36,36,36
427,Grace,Thomas,21,2021-01-04T22:05:50,21.0,21,21,21
428,Jack,Perez,21,2021-01-23T00:28:16,21.0,21,21,21
429,Charlie,Moore,31,2021-01-10T04:07:38,31.0,31,31,31
430,Jacob,Gonzalez,47,2021-01-23T08:52:27,47.0,47,47,47
431,Ella,Hernandez,21,2021-01-14T18:13:33,21.0,21,21,21
432,Jacob,Clark,23,2021-01-02T04:11:59,23.0,23,23,23
433,Amelia,Brown,49,2021-01-03T03:28:33,49.0,49,49,49
434,Freddie,Clark,62,2021-01-05T03:03:12,62.0,62,62,62
435,Amelia,Lopez,41,2021-01-05T15:02:02,41.0,41,41,41
436,Sophia,Walker,44,2021-01-27T14:56:26,42.0,44,44,44
437,Jack,Allen,64,2021-01-02T03:13:39,64.0,64,64,64
438,George,Young,30,2021-01-22T22:20:24,30.0,30,30,30
439,Olivia,Hall,51,2021-01-14T04:42:15,42.0,51,51,51
440,Ella,Lopez,19,2021-01-18T16:31:22,19.0,19,19,19
441,Alfie,Rodriguez,57,2021-01-08T09:26:13,57.0,57,57,57
442,Harry,Gonzalez,54,2021-01-06T16:13:04,54.0,54,54,54
443,Jack,Lewis,33,2021-01-10T06:50:45,33.0,41.8780000000000000,33,33
444,Sophia,Robinson,48,2021-01-29T04:05:30,48.0,48,48,48
445,Oliver,Harris,48,2021-01-12T14:05:02,48.0,48,48,48
446,George,Miller,25,2021-01-02T07:08:01,25.0,25,25,25
447,Leo,Walker,38,2021-01-24T16:50:41,38.0,38,38,38
448,Alfie,Thompson,40,2021-01-12T01:03:34,40.0,40,40,40
449,Grace,Lopez,40,2021-01-04T11:06:06,40.0,40,40,40
450,Jacob,Perez,28,2021-01-13T11:19:39,28.0,28,28,28
451,Harry,Lopez,45,2021-01-26T09:25:49,45.0,45,45,45
452,Harry,Robinson,45,2021-01-26T07:04:57,45.0,45,45,45
453,Leo,Brown,62,2021-01-25T21:05:01,62.0,62,62,62
454,Noah,Young,63,2021-01-12T22:02:45,63.0,63,63,63
455,Olivia,Miller,35,2021-01-21T04:49:39,35.0,35,35,35
456,Jacob,Williams,18,2021-01-21T21:08:48,18.0,18,18,18
457,Ella,Rodriguez,59,2021-01-08T08:04:15,59.0,59,59,59
458,Leo,Lopez,54,2021-01-06T14:43:39,54.0,54,54,54
459,Olivia,Hall,61,2021-01-21T14:13:27,61.0,61,61,61
460,Noah,Garcia,22,2021-01-03T16:24:09,22.0,22,22,22
461,Olivia,Jackson,46,2021-01-30T08:18:41,46.0,46,46,46
462,Mia,Hall,36,2021-01-17T16:29:24,36.0,36,36,36
463,Harry,Perez,18,2021-01-17T19:23:10,18.0,18,18,18
464,Poppy,Lewis,48,2021-01-16T23:19:59,48.0,48,48,48
465,Poppy,Lopez,62,2021-01-12T09:40:07,62.0,62,62,62
466,Ella,Anderson,64,2021-01-08T08:17:21,64.0,64,64,64
467,Oliver,Moore,40,2021-01-07T22:16:13,40.0,40,40,40
468,Alfie,Jones,62,2021-01-27T13:03:50,62.0,62,62,62
469,Isla,Young,21,2021-01-01T19:30:40,21.0,21,21,21
470,Ella,Brown,37,2021-01-11T05:38:33,37.0,37,37,37
471,Isla,Walker,44,2021-01-21T13:34:28,42.0,44,44,44
472,Amelia,Robinson,37,2021-01-27T20:12:34,37.0,37,37,37
473,Ella,Perez,56,2021-01-16T08:54:22,56.0,56,56,56
474,Poppy,Wilson,54,2021-01-09T01:15:50,54.0,54,54,54
475,George,Rodriguez,62,2021-01-30T21:37:33,62.0,62,62,62
476,Olivia,Johnson,47,2021-01-22T18:12:30,47.0,47,47,47
477,Jack,Robinson,43,2021-01-04T09:44:36,43.0,43,43,43
478,Ava,Brown,25,2021-01-02T20:06:54,25.0,25,25,25
479,Ava,White,62,2021-01-04T07:12:59,62.0,62,62,62
480,George,Thompson,53,2021-01-13T06:06:59,53.0,53,53,53
481,Noah,Clark,35,2021-01-18T11:36:31,35.0,35,35,35
482,Oliver,Young,37,2021-01-11T15:36:45,37.0,37,37,37
483,Grace,Allen,43,2021-01-09T12:59:57,43.0,43,43,43
484,Poppy,Hernandez,49,2021-01-14T04:27:30,49.0,49,49,49
485,Noah,Williams,43,2021-01-03T08:21:58,43.0,43,43,43
486,Mia,Lewis,35,2021-01-13T05:21:55,35.0,35,35,35
487,Leo,Miller,53,2021-01-22T17:35:28,53.0,53,53,53
488,Oliver,Williams,32,2021-01-05T08:30:03,32.0,32,32,32
489,Olivia,Brown,57,2021-01-20T02:18:59,57.0,57,57,57
490,Ava,Taylor,39,2021-01-23T07:07:03,39.0,39,39,39
491,Ella,Gonzalez,35,2021-01-22T22:12:11,35.0,35,35,35
492,Noah,Smith,19,2021-01-13T02:36:53,19.0,19,19,19
493,Grace,Hall,24,2021-01-16T22:47:14,24.0,24,24,24
494,Poppy,Thomas,29,2021-01-22T23:30:20,29.0,29,29,29
495,Harry,Taylor,64,2021-01-29T01:27:47,64.0,64,64,64
496,Sophia,Johnson,32,2021-01-07T13:59:46,32.0,32,32,32
497,Olivia,Lewis,40,2021-01-17T12:51:18,40.0,40,40,40
498,Leo,Lopez,62,2021-01-18T08:02:14,62.0,62,62,62
499,Ella,Walker,44,2021-01-20T05:38:29,42.0,44,44,44
500,NULL,NULL,NULL,2021-01-10T05:14:00,42.0,41.8780000000000000,65,18
501,NULL,NULL,43,2021-01-15T10:19:00,43.0,43,43,43
696,Poppy,Wilson,NULL,2021-01-14T16:12:56,42.0,41.8780000000000000,65,18
580,Grace,Brown,NULL,2021-01-20T05:06:03,42.0,41.8780000000000000,65,18
982,Ella,Harris,NULL,2021-01-25T14:43:53,42.0,41.8780000000000000,65,18
750,Leo,Walker,NULL,2021-01-28T11:39:53,42.0,41.8780000000000000,65,18
621,Oliver,Johnson,NULL,2021-01-03T10:32:45,42.0,41.8780000000000000,65,18
844,Grace,Garcia,NULL,2021-01-07T10:43:01,42.0,41.8780000000000000,65,18
814,Leo,Walker,NULL,2021-01-29T09:57:22,42.0,41.8780000000000000,65,18
752,Sophia,Harris,NULL,2021-01-03T13:54:17,42.0,41.8780000000000000,65,18
618,Mia,Johnson,NULL,2021-01-06T02:15:09,42.0,41.8780000000000000,65,18
