table_name,column_name,test_name,status,run_at
postgres.dq_re.re_data_base_metrics,metric,not_null_re_data_base_metrics_metric,Pass,2022-02-02 07:48:25
postgres.dq_re.re_data_base_metrics,column_name,not_null_re_data_base_metrics_column_name,Pass,2022-02-02 07:48:25
postgres.dq_re.re_data_base_metrics,table_name,not_null_re_data_base_metrics_table_name,Pass,2022-02-02 07:48:25
postgres.dq_re.re_data_base_metrics,computed_on,not_null_re_data_base_metrics_computed_on,Pass,2022-02-02 07:48:25
postgres.dq_re.re_data_base_metrics,time_window_end,not_null_re_data_base_metrics_time_window_end,Pass,2022-02-02 07:48:25
postgres.dq_re.re_data_last_metrics,column_name,not_null_re_data_last_metrics_column_name,Pass,2022-02-02 07:48:25
postgres.dq_re.re_data_last_metrics,metric,not_null_re_data_last_metrics_metric,Pass,2022-02-02 07:48:25
postgres.dq_re.re_data_base_metrics,time_window_start,not_null_re_data_base_metrics_time_window_start,Pass,2022-02-02 07:48:25
postgres.dq_re.re_data_last_metrics,table_name,not_null_re_data_last_metrics_table_name,Pass,2022-02-02 07:48:25
postgres.dq_re.re_data_last_stats,column_name,not_null_re_data_last_stats_column_name,Pass,2022-02-02 07:48:25
postgres.dq_re.re_data_last_stats,metric,not_null_re_data_last_stats_metric,Pass,2022-02-02 07:48:25
postgres.dq_re.re_data_last_stats,table_name,not_null_re_data_last_stats_table_name,Pass,2022-02-02 07:48:25
postgres.dq_re.re_data_z_score,last_avg,not_null_re_data_z_score_last_avg,Pass,2022-02-02 07:48:25
postgres.dq_re.re_data_z_score,last_stddev,not_null_re_data_z_score_last_stddev,Pass,2022-02-02 07:48:25
postgres.dq_re.re_data_z_score,column_name,not_null_re_data_z_score_column_name,Pass,2022-02-02 07:48:25
postgres.dq_re.re_data_z_score,computed_on,not_null_re_data_z_score_computed_on,Pass,2022-02-02 07:48:25
postgres.dq_re.re_data_z_score,last_value,not_null_re_data_z_score_last_value,Pass,2022-02-02 07:48:25
postgres.dq_re.re_data_z_score,metric,not_null_re_data_z_score_metric,Pass,2022-02-02 07:48:25
postgres.dq_re.re_data_z_score,table_name,not_null_re_data_z_score_table_name,Pass,2022-02-02 07:48:25
postgres.dq_re.re_data_z_score,time_window_end,not_null_re_data_z_score_time_window_end,Pass,2022-02-02 07:48:25
postgres.dq_re.re_data_z_score,z_score_value,not_null_re_data_z_score_z_score_value,Pass,2022-02-02 07:48:25
postgres.dq.sanitized_user_data,,dbt_utils_equality_sanitized_user_data_ref_expected_sample_user_data_,Pass,2022-02-02 07:48:25
postgres.dq.duplicates,,dbt_utils_equality_duplicates_ref_expected_duplicates_,Pass,2022-02-02 07:48:25
postgres.dq.deduplicated,,dbt_utils_equality_deduplicated_ref_expected_deduplicated_,Pass,2022-02-02 07:48:25
postgres.dq.test_re_data_freshness,,dbt_utils_equality_test_re_data_freshness_right_upper_replace_replace_table_name_10_as_table_name__metric__value__time_window_end__ref_expected_sample_data_freshness_,Pass,2022-02-02 07:48:25
postgres.dq.test_re_data_max_length,,dbt_utils_equality_test_re_data_max_length_right_upper_replace_replace_table_name_10_as_table_name__coalesce_upper_column_name_as_column_name__metric__value__time_window_start__time_window_end__interval_length_sec__ref_expected_sample_data_max_length_,Pass,2022-02-02 07:48:25
postgres.dq.test_re_data_max,,dbt_utils_equality_test_re_data_max_right_upper_replace_replace_table_name_10_as_table_name__coalesce_upper_column_name_as_column_name__metric__value__time_window_start__time_window_end__interval_length_sec__ref_expected_sample_data_max_,Pass,2022-02-02 07:48:25
postgres.dq.test_re_data_metrics,,dbt_utils_equality_test_re_data_metrics_right_upper_replace_replace_table_name_10_as_table_name__coalesce_upper_column_name_as_column_name__metric__cast_value_1000_as_integer_as_value__time_window_start__time_window_end__interval_length_sec__ref_expected_sample_data_metrics_,Pass,2022-02-02 07:48:25
postgres.dq.test_re_data_row_count,,dbt_utils_equality_test_re_data_row_count_right_upper_replace_replace_table_name_10_as_table_name__metric__value__time_window_start__time_window_end__interval_length_sec__ref_expected_sample_data_row_count_,Pass,2022-02-02 07:48:25
postgres.dq.test_re_data_z_score,,dbt_utils_equality_test_re_data_z_score_right_upper_replace_replace_table_name_10_as_table_name__coalesce_upper_column_name_as_column_name__metric__cast_z_score_value_1000_as_integer_as_z_score_value__time_window_end__cast_last_value_1000_as_integer_as_last_value__cast_last_avg_1000_as_integer_as_last_avg__cast_last_stddev_1000_as_integer_as_last_stddev__interval_length_sec__ref_expected_sample_data_z_score_,Pass,2022-02-02 07:48:25
postgres.dq.validated_date_and_time,,dbt_utils_equality_validated_date_and_time_ref_expected_validated_date_and_time_,Pass,2022-02-02 07:48:25
postgres.dq.us_states_normalized,,dbt_utils_equality_us_states_normalized_ref_expected_us_states_normalized_,Pass,2022-02-02 07:48:25
postgres.dq.validated_emails,,dbt_utils_equality_validated_emails_ref_expected_validated_emails_,Pass,2022-02-02 07:48:25
postgres.dq.validated_ips,,dbt_utils_equality_validated_ips_ref_expected_validated_ips_,Pass,2022-02-02 07:48:25
postgres.dq.validated_uuids,,dbt_utils_equality_validated_uuids_ref_expected_validated_uuids_,Pass,2022-02-02 07:48:25
postgres.dq.validated_numbers,,dbt_utils_equality_validated_numbers_ref_expected_validated_numbers_,Pass,2022-02-02 07:48:25
postgres.dq_re.re_data_metrics,,re_data_metric_equal_to_re_data_metrics_event_type__max_length__ref_buy_events___3,Pass,2022-02-02 07:48:25
postgres.dq_re.re_data_metrics,,re_data_metric_expression_is_true_re_data_metrics_event_type__value_3__max_length__ref_buy_events_,Pass,2022-02-02 07:48:25
postgres.dq_re.re_data_metrics,,re_data_metric_expression_is_true_re_data_metrics_time_window_start_2021_05_02___value_0_and_value_10__row_count__ref_buy_events_,Pass,2022-02-02 07:48:25
postgres.dq_re.re_data_metrics,,re_data_metric_in_range_re_data_metrics_event_type__3__max_length__3__ref_buy_events_,Pass,2022-02-02 07:48:25
postgres.dq.re_data_source_test_table,description,source_not_null_dq_re_data_source_test_table_description,Pass,2022-02-02 07:48:25
postgres.dq.re_data_source_test_table,number,source_not_null_dq_re_data_source_test_table_number,Pass,2022-02-02 07:48:25
postgres.dq.re_data_source_test_table,number,source_unique_dq_re_data_source_test_table_number,Pass,2022-02-02 07:48:25
postgres.dq.re_data_source_test_table,description,source_unique_dq_re_data_source_test_table_description,Pass,2022-02-02 07:48:25
