"full_name","email"
"Lizzie Effertz","*****@fakemail.com"
"Orlando Abbott","*****@fakemail.com"
"Kelley Harann","*****@fakemail.com"
"Ruth Langworth","*****@fakemail.com"
"Lane Swift","*****@fakemail.com"
"Bertha Corwin","*****@fakemail.com"
"Manuela Kling","*****@fakemail.com"
"Mose Balistreri","*****@fakemail.com"
"Robin Halvorson","*****@fakemail.com"
"Osbaldo Parker I","*****@fakemail.com"
"Javier Runolfsson","*****@fakemail.net"
"Amelia Batz","*****@fakemail.com"
"Abby Pouros","*****@fakemail.com"
"Markus Homenick","*****@fakemail.com"
"Braeden Turner","*****@fakemail.com"
"Horacio Parker","*****@fakemail.info"
"Ms. Stacy Padberg","*****@fakemail.com"
"Dr. Deshawn Stracke","*****@fakemail.com"
"Pascale Grady","*****@fakemail.com"
"Lacy Brekke","*****@fakemail.com"
