table_name,column_name,metric,value,time_window_start,time_window_end,interval_length_sec
"""postgres"".""dq_raw"".""sample_table""",value1,min,100,2021-05-01 00:00:00,2021-05-02 00:00:00,86400
"""postgres"".""dq_raw"".""sample_table""",value1,max,200,2021-05-01 00:00:00,2021-05-02 00:00:00,86400
"""postgres"".""dq_raw"".""sample_table""",value1,avg,127.5,2021-05-01 00:00:00,2021-05-02 00:00:00,86400
"""postgres"".""dq_raw"".""sample_table""",value1,stddev,48.562674281111555,2021-05-01 00:00:00,2021-05-02 00:00:00,86400
"""postgres"".""dq_raw"".""sample_table""",value1,variance,2358.3333333333335,2021-05-01 00:00:00,2021-05-02 00:00:00,86400
"""postgres"".""dq_raw"".""sample_table""",value1,nulls_count,0,2021-05-01 00:00:00,2021-05-02 00:00:00,86400
"""postgres"".""dq_raw"".""sample_table""",value1,nulls_percent,0,2021-05-01 00:00:00,2021-05-02 00:00:00,86400
"""postgres"".""dq_raw"".""sample_table""",value1,diff,100,2021-05-01 00:00:00,2021-05-02 00:00:00,86400
"""postgres"".""dq_raw"".""sample_table""",value2,min,109,2021-05-01 00:00:00,2021-05-02 00:00:00,86400
"""postgres"".""dq_raw"".""sample_table""",value2,max,209,2021-05-01 00:00:00,2021-05-02 00:00:00,86400
"""postgres"".""dq_raw"".""sample_table""",value2,avg,180.75,2021-05-01 00:00:00,2021-05-02 00:00:00,86400
"""postgres"".""dq_raw"".""sample_table""",value2,stddev,47.97481978427155,2021-05-01 00:00:00,2021-05-02 00:00:00,86400
"""postgres"".""dq_raw"".""sample_table""",value2,variance,2301.5833333333335,2021-05-01 00:00:00,2021-05-02 00:00:00,86400
"""postgres"".""dq_raw"".""sample_table""",value2,nulls_count,0,2021-05-01 00:00:00,2021-05-02 00:00:00,86400
"""postgres"".""dq_raw"".""sample_table""",value2,nulls_percent,0,2021-05-01 00:00:00,2021-05-02 00:00:00,86400
"""postgres"".""dq_raw"".""sample_table""",value2,diff,100,2021-05-01 00:00:00,2021-05-02 00:00:00,86400
"""postgres"".""dq_raw"".""sample_table""",null_value,min,,2021-05-01 00:00:00,2021-05-02 00:00:00,86400
"""postgres"".""dq_raw"".""sample_table""",null_value,max,,2021-05-01 00:00:00,2021-05-02 00:00:00,86400
"""postgres"".""dq_raw"".""sample_table""",null_value,avg,,2021-05-01 00:00:00,2021-05-02 00:00:00,86400
"""postgres"".""dq_raw"".""sample_table""",null_value,stddev,,2021-05-01 00:00:00,2021-05-02 00:00:00,86400
"""postgres"".""dq_raw"".""sample_table""",null_value,variance,,2021-05-01 00:00:00,2021-05-02 00:00:00,86400
"""postgres"".""dq_raw"".""sample_table""",null_value,nulls_count,4,2021-05-01 00:00:00,2021-05-02 00:00:00,86400
"""postgres"".""dq_raw"".""sample_table""",null_value,nulls_percent,100,2021-05-01 00:00:00,2021-05-02 00:00:00,86400
"""postgres"".""dq_raw"".""sample_table""",null_value,diff,,2021-05-01 00:00:00,2021-05-02 00:00:00,86400
"""postgres"".""dq_raw"".""sample_table""",event_type,min_length,3,2021-05-01 00:00:00,2021-05-02 00:00:00,86400
"""postgres"".""dq_raw"".""sample_table""",event_type,max_length,4,2021-05-01 00:00:00,2021-05-02 00:00:00,86400
"""postgres"".""dq_raw"".""sample_table""",event_type,avg_length,3.25,2021-05-01 00:00:00,2021-05-02 00:00:00,86400
"""postgres"".""dq_raw"".""sample_table""",event_type,nulls_count,0,2021-05-01 00:00:00,2021-05-02 00:00:00,86400
"""postgres"".""dq_raw"".""sample_table""",event_type,nulls_percent,0,2021-05-01 00:00:00,2021-05-02 00:00:00,86400
"""postgres"".""dq_raw"".""sample_table""",event_type,missing_percent,0,2021-05-01 00:00:00,2021-05-02 00:00:00,86400
"""postgres"".""dq_raw"".""sample_table""",event_type,missing_count,0,2021-05-01 00:00:00,2021-05-02 00:00:00,86400
"""postgres"".""dq_raw"".""sample_table""",event_type,regex_test,4,2021-05-01 00:00:00,2021-05-02 00:00:00,86400
"""postgres"".""dq_raw"".""sample_table""",event_type,match_regex,1,2021-05-01 00:00:00,2021-05-02 00:00:00,86400
"""postgres"".""dq_raw"".""sample_table""",event_type,match_regex_percent,25,2021-05-01 00:00:00,2021-05-02 00:00:00,86400
"""postgres"".""dq_raw"".""sample_table""",event_type,not_match_regex,1,2021-05-01 00:00:00,2021-05-02 00:00:00,86400
"""postgres"".""dq_raw"".""sample_table""",event_type,not_match_regex_percent,25,2021-05-01 00:00:00,2021-05-02 00:00:00,86400
"""postgres"".""dq_raw"".""sample_table""",event_type,distinct_values,2,2021-05-01 00:00:00,2021-05-02 00:00:00,86400
"""postgres"".""dq_raw"".""sample_table""",event_type,duplicate_values,1,2021-05-01 00:00:00,2021-05-02 00:00:00,86400
"""postgres"".""dq_raw"".""sample_table""",event_type,duplicate_rows,3,2021-05-01 00:00:00,2021-05-02 00:00:00,86400
"""postgres"".""dq_raw"".""sample_table""",event_type,unique_rows,1,2021-05-01 00:00:00,2021-05-02 00:00:00,86400
"""postgres"".""dq_raw"".""sample_table""","",row_count,4,2021-05-01 00:00:00,2021-05-02 00:00:00,86400
"""postgres"".""dq_raw"".""sample_table""","",freshness,40765,2021-05-01 00:00:00,2021-05-02 00:00:00,86400
"""postgres"".""dq_raw"".""sample_table""","",my_custom_table_metric,1000,2021-05-01 00:00:00,2021-05-02 00:00:00,86400
"""postgres"".""dq_raw"".""sample_table""","",distinct_table_rows,4,2021-05-01 00:00:00,2021-05-02 00:00:00,86400
"""postgres"".""dq_raw"".""sample_table""",value1,min,100,2021-05-02 00:00:00,2021-05-03 00:00:00,86400
"""postgres"".""dq_raw"".""sample_table""",value1,max,210,2021-05-02 00:00:00,2021-05-03 00:00:00,86400
"""postgres"".""dq_raw"".""sample_table""",value1,avg,142.5,2021-05-02 00:00:00,2021-05-03 00:00:00,86400
"""postgres"".""dq_raw"".""sample_table""",value1,stddev,49.91659710623979,2021-05-02 00:00:00,2021-05-03 00:00:00,86400
"""postgres"".""dq_raw"".""sample_table""",value1,variance,2491.6666666666665,2021-05-02 00:00:00,2021-05-03 00:00:00,86400
"""postgres"".""dq_raw"".""sample_table""",value1,nulls_count,0,2021-05-02 00:00:00,2021-05-03 00:00:00,86400
"""postgres"".""dq_raw"".""sample_table""",value1,nulls_percent,0,2021-05-02 00:00:00,2021-05-03 00:00:00,86400
"""postgres"".""dq_raw"".""sample_table""",value1,diff,110,2021-05-02 00:00:00,2021-05-03 00:00:00,86400
"""postgres"".""dq_raw"".""sample_table""",value2,min,109,2021-05-02 00:00:00,2021-05-03 00:00:00,86400
"""postgres"".""dq_raw"".""sample_table""",value2,max,209,2021-05-02 00:00:00,2021-05-03 00:00:00,86400
"""postgres"".""dq_raw"".""sample_table""",value2,avg,180.75,2021-05-02 00:00:00,2021-05-03 00:00:00,86400
"""postgres"".""dq_raw"".""sample_table""",value2,stddev,47.97481978427155,2021-05-02 00:00:00,2021-05-03 00:00:00,86400
"""postgres"".""dq_raw"".""sample_table""",value2,variance,2301.5833333333335,2021-05-02 00:00:00,2021-05-03 00:00:00,86400
"""postgres"".""dq_raw"".""sample_table""",value2,nulls_count,0,2021-05-02 00:00:00,2021-05-03 00:00:00,86400
"""postgres"".""dq_raw"".""sample_table""",value2,nulls_percent,0,2021-05-02 00:00:00,2021-05-03 00:00:00,86400
"""postgres"".""dq_raw"".""sample_table""",value2,diff,100,2021-05-02 00:00:00,2021-05-03 00:00:00,86400
"""postgres"".""dq_raw"".""sample_table""",null_value,min,,2021-05-02 00:00:00,2021-05-03 00:00:00,86400
"""postgres"".""dq_raw"".""sample_table""",null_value,max,,2021-05-02 00:00:00,2021-05-03 00:00:00,86400
"""postgres"".""dq_raw"".""sample_table""",null_value,avg,,2021-05-02 00:00:00,2021-05-03 00:00:00,86400
"""postgres"".""dq_raw"".""sample_table""",null_value,stddev,,2021-05-02 00:00:00,2021-05-03 00:00:00,86400
"""postgres"".""dq_raw"".""sample_table""",null_value,variance,,2021-05-02 00:00:00,2021-05-03 00:00:00,86400
"""postgres"".""dq_raw"".""sample_table""",null_value,nulls_count,4,2021-05-02 00:00:00,2021-05-03 00:00:00,86400
"""postgres"".""dq_raw"".""sample_table""",null_value,nulls_percent,100,2021-05-02 00:00:00,2021-05-03 00:00:00,86400
"""postgres"".""dq_raw"".""sample_table""",null_value,diff,,2021-05-02 00:00:00,2021-05-03 00:00:00,86400
"""postgres"".""dq_raw"".""sample_table""",event_type,min_length,3,2021-05-02 00:00:00,2021-05-03 00:00:00,86400
"""postgres"".""dq_raw"".""sample_table""",event_type,max_length,3,2021-05-02 00:00:00,2021-05-03 00:00:00,86400
"""postgres"".""dq_raw"".""sample_table""",event_type,avg_length,3,2021-05-02 00:00:00,2021-05-03 00:00:00,86400
"""postgres"".""dq_raw"".""sample_table""",event_type,nulls_count,0,2021-05-02 00:00:00,2021-05-03 00:00:00,86400
"""postgres"".""dq_raw"".""sample_table""",event_type,nulls_percent,0,2021-05-02 00:00:00,2021-05-03 00:00:00,86400
"""postgres"".""dq_raw"".""sample_table""",event_type,missing_percent,0,2021-05-02 00:00:00,2021-05-03 00:00:00,86400
"""postgres"".""dq_raw"".""sample_table""",event_type,missing_count,0,2021-05-02 00:00:00,2021-05-03 00:00:00,86400
"""postgres"".""dq_raw"".""sample_table""",event_type,regex_test,4,2021-05-02 00:00:00,2021-05-03 00:00:00,86400
"""postgres"".""dq_raw"".""sample_table""",event_type,match_regex,0,2021-05-02 00:00:00,2021-05-03 00:00:00,86400
"""postgres"".""dq_raw"".""sample_table""",event_type,match_regex_percent,0,2021-05-02 00:00:00,2021-05-03 00:00:00,86400
"""postgres"".""dq_raw"".""sample_table""",event_type,not_match_regex,0,2021-05-02 00:00:00,2021-05-03 00:00:00,86400
"""postgres"".""dq_raw"".""sample_table""",event_type,not_match_regex_percent,0,2021-05-02 00:00:00,2021-05-03 00:00:00,86400
"""postgres"".""dq_raw"".""sample_table""",event_type,distinct_values,1,2021-05-02 00:00:00,2021-05-03 00:00:00,86400
"""postgres"".""dq_raw"".""sample_table""",event_type,duplicate_values,1,2021-05-02 00:00:00,2021-05-03 00:00:00,86400
"""postgres"".""dq_raw"".""sample_table""",event_type,duplicate_rows,4,2021-05-02 00:00:00,2021-05-03 00:00:00,86400
"""postgres"".""dq_raw"".""sample_table""",event_type,unique_rows,0,2021-05-02 00:00:00,2021-05-03 00:00:00,86400
"""postgres"".""dq_raw"".""sample_table""","",row_count,4,2021-05-02 00:00:00,2021-05-03 00:00:00,86400
"""postgres"".""dq_raw"".""sample_table""","",freshness,40765,2021-05-02 00:00:00,2021-05-03 00:00:00,86400
"""postgres"".""dq_raw"".""sample_table""","",my_custom_table_metric,1000,2021-05-02 00:00:00,2021-05-03 00:00:00,86400
"""postgres"".""dq_raw"".""sample_table""","",distinct_table_rows,4,2021-05-02 00:00:00,2021-05-03 00:00:00,86400
"""postgres"".""dq_raw"".""sample_table""","","my_distinct_table_rows",9,"2021-05-01 00:00:00","2021-05-02 00:00:00",86400
"""postgres"".""dq_raw"".""sample_table""","","my_distinct_table_rows",9,"2021-05-02 00:00:00","2021-05-03 00:00:00",86400
