table_name,column_name,metric,value,time_window_start,time_window_end,interval_length_sec
"""postgres"".""dq"".""buy_events""","",freshness,41308,2021-05-01 00:00:00,2021-05-02 00:00:00,86400
"""postgres"".""dq_raw"".""sample_table""","",freshness,40765,2021-05-01 00:00:00,2021-05-02 00:00:00,86400
"""postgres"".""dq_raw"".""sample_with_anomaly""","",freshness,41308,2021-05-01 00:00:00,2021-05-02 00:00:00,86400
"""postgres"".""dq"".""buy_events""","",freshness,41065,2021-05-02 00:00:00,2021-05-03 00:00:00,86400
"""postgres"".""dq_raw"".""sample_table""","",freshness,40765,2021-05-02 00:00:00,2021-05-03 00:00:00,86400
"""postgres"".""dq_raw"".""sample_with_anomaly""","",freshness,41065,2021-05-02 00:00:00,2021-05-03 00:00:00,86400
