uuid,valid_uuid
ace1245c-3af5-11ec-8d3d-0242ac130003,1
a568464e-a05d-412c-8b30-517a46c57d88,1
notanuid,0
d0d61836-3af5-11ec-8d3d-0242ac130003,1
d0d61c6e-3af5-11ec-8d3d-0242ac130003,1
343422-234324-234234-4234234-23432,0
343422-234324-234234-4234234-234xxx32,0
