date_time,valid_date_eu,valid_date_us,valid_date_inverse,valid_date_iso_8601,valid_time_24h,valid_time_12h,valid_time
31-01-2020,1,0,0,0,0,0,0
01/31/2020,0,1,0,0,0,0,0
05.05.2020,1,1,0,0,0,0,0
2020-01-31,0,0,1,0,0,0,0
23:59,0,0,0,0,1,0,1
12:59,0,0,0,0,1,1,1
13:59:01,0,0,0,0,0,0,1
"12:59:01,55",0,0,0,0,0,0,1
11:59:00,0,0,0,0,0,0,1
midnight,0,0,0,0,0,0,0
2020-01-31T12:59:00+02:00,0,0,0,1,0,0,0
2020-01-31T12:59:00,0,0,0,1,0,0,0
