credit_card_number,valid_credit_card
4941533405630082,1
5476749195896614,1
3568497486294461,1
not_a_card_number,0
3434-4351-4234-3234,0
3434 4351 4234 3234,0
34344 42344 43455 43456,0
43423432,0
234343443434,0
2343423423423423423423423423,0
