"transaction_id","creation_time","status","value","re_data_duplicate_group_row_count","re_data_duplicate_group_row_number"
1,"2021-05-01 12:31:32","pending",100,2,1
1,"2021-05-01 12:40:35","completed",100,2,2
3,"2021-05-01 12:40:35","pending",300,2,1
3,"2021-05-02 12:31:32","completed",300,2,2
4,"2021-05-02 12:35:35","completed",10,2,1
4,"2021-05-02 12:40:35","completed",40,2,2
